---
# Copyright Example Ltd, UK 2025

key: value

# Some comment
key2: value2
